ERROR - 2026-05-13 06:06:25 --> Error connecting to the database: Error: Class "SQLite3" not found in F:\SI\RHCodeIgniteur\webapp\system\Database\SQLite3\Connection.php:111
Stack trace:
#0 F:\SI\RHCodeIgniteur\webapp\system\Database\BaseConnection.php(555): CodeIgniter\Database\SQLite3\Connection->connect()
#1 F:\SI\RHCodeIgniteur\webapp\system\Database\SQLite3\Connection.php(74): CodeIgniter\Database\BaseConnection->initialize()
#2 F:\SI\RHCodeIgniteur\webapp\system\Database\BaseConnection.php(795): CodeIgniter\Database\SQLite3\Connection->initialize()
#3 F:\SI\RHCodeIgniteur\webapp\system\Database\BaseConnection.php(1706): CodeIgniter\Database\BaseConnection->query()
#4 F:\SI\RHCodeIgniteur\webapp\system\Database\BaseConnection.php(1726): CodeIgniter\Database\BaseConnection->listTables()
#5 F:\SI\RHCodeIgniteur\webapp\system\Database\MigrationRunner.php(821): CodeIgniter\Database\BaseConnection->tableExists()
#6 F:\SI\RHCodeIgniteur\webapp\system\Database\MigrationRunner.php(173): CodeIgniter\Database\MigrationRunner->ensureTable()
#7 F:\SI\RHCodeIgniteur\webapp\system\Commands\Database\Migrate.php(89): CodeIgniter\Database\MigrationRunner->latest()
#8 F:\SI\RHCodeIgniteur\webapp\system\CLI\SignalTrait.php(245): CodeIgniter\Commands\Database\Migrate::{closure:CodeIgniter\Commands\Database\Migrate::run():88}()
#9 F:\SI\RHCodeIgniteur\webapp\system\Commands\Database\Migrate.php(88): CodeIgniter\Commands\Database\Migrate->withSignalsBlocked()
#10 F:\SI\RHCodeIgniteur\webapp\system\CLI\Commands.php(74): CodeIgniter\Commands\Database\Migrate->run()
#11 F:\SI\RHCodeIgniteur\webapp\system\CLI\Console.php(47): CodeIgniter\CLI\Commands->run()
#12 F:\SI\RHCodeIgniteur\webapp\system\Boot.php(442): CodeIgniter\CLI\Console->run()
#13 F:\SI\RHCodeIgniteur\webapp\system\Boot.php(166): CodeIgniter\Boot::runCommand()
#14 F:\SI\RHCodeIgniteur\webapp\spark(87): CodeIgniter\Boot::bootSpark()
#15 {main}
ERROR - 2026-05-13 06:06:54 --> Error connecting to the database: Error: Class "SQLite3" not found in F:\SI\RHCodeIgniteur\webapp\system\Database\SQLite3\Connection.php:111
Stack trace:
#0 F:\SI\RHCodeIgniteur\webapp\system\Database\BaseConnection.php(555): CodeIgniter\Database\SQLite3\Connection->connect()
#1 F:\SI\RHCodeIgniteur\webapp\system\Database\SQLite3\Connection.php(74): CodeIgniter\Database\BaseConnection->initialize()
#2 F:\SI\RHCodeIgniteur\webapp\system\Database\BaseConnection.php(795): CodeIgniter\Database\SQLite3\Connection->initialize()
#3 F:\SI\RHCodeIgniteur\webapp\system\Database\BaseConnection.php(1706): CodeIgniter\Database\BaseConnection->query()
#4 F:\SI\RHCodeIgniteur\webapp\system\Database\BaseConnection.php(1726): CodeIgniter\Database\BaseConnection->listTables()
#5 F:\SI\RHCodeIgniteur\webapp\system\Database\MigrationRunner.php(821): CodeIgniter\Database\BaseConnection->tableExists()
#6 F:\SI\RHCodeIgniteur\webapp\system\Database\MigrationRunner.php(173): CodeIgniter\Database\MigrationRunner->ensureTable()
#7 F:\SI\RHCodeIgniteur\webapp\system\Commands\Database\Migrate.php(89): CodeIgniter\Database\MigrationRunner->latest()
#8 F:\SI\RHCodeIgniteur\webapp\system\CLI\SignalTrait.php(245): CodeIgniter\Commands\Database\Migrate::{closure:CodeIgniter\Commands\Database\Migrate::run():88}()
#9 F:\SI\RHCodeIgniteur\webapp\system\Commands\Database\Migrate.php(88): CodeIgniter\Commands\Database\Migrate->withSignalsBlocked()
#10 F:\SI\RHCodeIgniteur\webapp\system\CLI\Commands.php(74): CodeIgniter\Commands\Database\Migrate->run()
#11 F:\SI\RHCodeIgniteur\webapp\system\CLI\Console.php(47): CodeIgniter\CLI\Commands->run()
#12 F:\SI\RHCodeIgniteur\webapp\system\Boot.php(442): CodeIgniter\CLI\Console->run()
#13 F:\SI\RHCodeIgniteur\webapp\system\Boot.php(166): CodeIgniter\Boot::runCommand()
#14 F:\SI\RHCodeIgniteur\webapp\spark(87): CodeIgniter\Boot::bootSpark()
#15 {main}
ERROR - 2026-05-13 06:15:55 --> no such table: departements
in SYSTEMPATH\Database\SQLite3\Connection.php on line 163.
 1 SYSTEMPATH\Database\SQLite3\Connection.php(163): SQLite3->exec()
 2 SYSTEMPATH\Database\BaseConnection.php(910): CodeIgniter\Database\SQLite3\Connection->execute()
 3 SYSTEMPATH\Database\BaseConnection.php(827): CodeIgniter\Database\BaseConnection->simpleQuery()
 4 SYSTEMPATH\Database\BaseBuilder.php(1841): CodeIgniter\Database\BaseConnection->query()
 5 SYSTEMPATH\Database\BaseBuilder.php(2230): CodeIgniter\Database\BaseBuilder->batchExecute()
 6 APPPATH\Database\Seeds\DepartementSeeder.php(26): CodeIgniter\Database\BaseBuilder->insertBatch()
 7 SYSTEMPATH\Database\Seeder.php(155): App\Database\Seeds\DepartementSeeder->run()
 8 APPPATH\Database\Seeds\DatabaseSeeder.php(11): CodeIgniter\Database\Seeder->call()
 9 SYSTEMPATH\Database\Seeder.php(155): App\Database\Seeds\DatabaseSeeder->run()
10 SYSTEMPATH\Commands\Database\Seed.php(79): CodeIgniter\Database\Seeder->call()
11 SYSTEMPATH\CLI\Commands.php(74): CodeIgniter\Commands\Database\Seed->run()
12 SYSTEMPATH\CLI\Console.php(47): CodeIgniter\CLI\Commands->run()
13 SYSTEMPATH\Boot.php(442): CodeIgniter\CLI\Console->run()
14 SYSTEMPATH\Boot.php(166): CodeIgniter\Boot::runCommand()
15 ROOTPATH\spark(87): CodeIgniter\Boot::bootSpark()
